// Jest Snapshot v1, https://goo.gl/fbAQLP

exports[`Test <PeopleFragmentPopup/> render snapshot <PeopleFragmentPopup/> 1`] = `
<Fragment>
  <div
    className="name-wrapper"
  >
    <span
      className="popup__name"
    >
      Luke Skywalker
    </span>
  </div>
  <div
    className="description-wrapper"
  >
    <div
      className="description-person"
    >
      <div
        className="description-appearance"
      >
        <p
          className="description__heading"
        >
          Appearance
        </p>
        <ul
          className="description-appearance__item"
        >
          <li>
            Hair color:
            blond
          </li>
          <li>
            Skin color:
            fair
          </li>
          <li>
            Eye color:
            blue
          </li>
          <li>
            Gender:
            male
          </li>
        </ul>
      </div>
      <div
        className="description-stats"
      >
        <p
          className="description__heading"
        >
          Stats
        </p>
        <ul
          className="description-stats__items"
        >
          <li>
            Height:
            172
             cm
          </li>
          <li>
            Mass:
            77
             kg
          </li>
        </ul>
      </div>
    </div>
    <div
      className="description-resources"
    >
      <div
        className="resources resources_no-list-type"
      >
        <div
          className="resources-heading"
        >
          Home word:
        </div>
        <ul
          className="resources-list"
        >
          <PopupListItem
            name="name"
            path="planets"
            urls={
              Array [
                "https://swapi.dev/api/planets/1/",
              ]
            }
          />
        </ul>
      </div>
      <div
        className="resources"
      >
        <div
          className="resources-heading"
        >
          Films:
        </div>
        <ul
          className="resources-list"
        >
          <PopupListItem
            name="title"
            path="films"
            urls={
              Array [
                "https://swapi.dev/api/films/6/",
              ]
            }
          />
        </ul>
      </div>
      <div
        className="resources"
      >
        <div
          className="resources-heading"
        >
          Vehicles:
        </div>
        <ul
          className="resources-list"
        >
          <PopupListItem
            name="name"
            path="vehicles"
            urls={
              Array [
                "https://swapi.dev/api/vehicles/30/",
              ]
            }
          />
        </ul>
      </div>
      <div
        className="resources"
      >
        <span
          className="resources-heading"
        >
          Starships:
        </span>
        <ul
          className="resources-list"
        >
          <PopupListItem
            name="name"
            path="starships"
            urls={
              Array [
                "https://swapi.dev/api/starships/22/",
              ]
            }
          />
        </ul>
      </div>
    </div>
  </div>
</Fragment>
`;
