// Jest Snapshot v1, https://goo.gl/fbAQLP

exports[`Test <Home/> render snapshot <Home/>  1`] = `
<div
  className="wrapper-logo"
>
  <img
    alt="log-sw"
    className="logo"
    src="test-file-stub"
  />
</div>
`;
