// Jest Snapshot v1, https://goo.gl/fbAQLP

exports[`Test Loader component should 'Loader' render  1`] = `
<div
  className="spinner"
/>
`;
