// Jest Snapshot v1, https://goo.gl/fbAQLP

exports[`Test FilmsFragmentPopup should render FilmsFragmentPopup component  1`] = `
<div
  className="popup-fragment"
>
  <div
    className="name-wrapper"
  >
    <span
      className="popup__name"
    >
      A New Hope
    </span>
  </div>
  <div
    className="description-wrapper"
  >
    <div
      className="description-person"
    >
      <div
        className="description-appearance"
      >
        <p
          className="description__heading"
        >
          Appearance
        </p>
        <ul
          className="description-appearance__item"
        >
          <li>
            Episode:
            3
          </li>
          <li>
            Director:
            George Lucas
          </li>
          <li>
            Producer:
            Gary Kurtz, Rick McCallum
          </li>
          <li>
            Release date:
            1977-05-25
          </li>
        </ul>
      </div>
    </div>
    <div
      className="description-resources"
    >
      <div
        className="resources"
      >
        <div
          className="resources-heading"
        >
          Characters:
        </div>
        <ul
          className="resources-list"
        >
          <PopupListItem
            name="name"
            path="people"
            urls={
              Array [
                "https://swapi.dev/api/people/1/",
              ]
            }
          />
        </ul>
      </div>
      <div
        className="resources"
      >
        <div
          className="resources-heading"
        >
          Planets:
        </div>
        <ul
          className="resources-list"
        >
          <PopupListItem
            name="name"
            path="planets"
            urls={
              Array [
                "https://swapi.dev/api/planets/1/",
              ]
            }
          />
        </ul>
      </div>
      <div
        className="resources"
      >
        <div
          className="resources-heading"
        >
          Vehicles:
        </div>
        <ul
          className="resources-list"
        >
          <PopupListItem
            name="name"
            path="vehicles"
            urls={
              Array [
                "https://swapi.dev/api/vehicles/4/",
              ]
            }
          />
        </ul>
      </div>
      <div
        className="resources"
      >
        <span
          className="resources-heading"
        >
          Starships:
        </span>
        <ul
          className="resources-list"
        >
          <PopupListItem
            name="name"
            path="starships"
            urls={
              Array [
                "https://swapi.dev/api/starships/2/",
              ]
            }
          />
        </ul>
      </div>
      <div
        className="resources"
      >
        <span
          className="resources-heading"
        >
          Species:
        </span>
        <ul
          className="resources-list"
        >
          <PopupListItem
            name="name"
            path="species"
            urls={
              Array [
                "https://swapi.dev/api/species/1/",
              ]
            }
          />
        </ul>
      </div>
    </div>
  </div>
</div>
`;
