// Jest Snapshot v1, https://goo.gl/fbAQLP

exports[`Test <Popup/> render snapshot <Popup/> 1`] = `
<div
  className="popup"
  data-popup="popup"
  onClick={[Function]}
>
  <div
    className="popup-window"
  >
    <div
      className="exit"
      onClick={[Function]}
    >
      <button
        className="exit__btn"
      >
         ‚ùå
      </button>
    </div>
    <mockConstructor />
  </div>
</div>
`;
