// Jest Snapshot v1, https://goo.gl/fbAQLP

exports[`Test <VehiclesFragmentPopup/> render snapshot <VehicleFragmentPopup/>  1`] = `
<Fragment>
  <div
    className="name-wrapper"
  >
    <span
      className="popup__name"
    />
  </div>
  <div
    className="description-wrapper"
  >
    <div
      className="description-person"
    >
      <div
        className="description-appearance"
      >
        <p
          className="description__heading"
        >
          Appearance
        </p>
        <ul
          className="description-appearance__item"
        >
          <li>
            Model:
          </li>
          <li>
            Manufacturer:
          </li>
          <li>
            Cost in credits:
          </li>
          <li>
            Length:
          </li>
          <li>
            Max atmosphering speed:
          </li>
          <li>
            Crew:
          </li>
          <li>
            Passengers:
          </li>
          <li>
            Cargo capacity:
          </li>
          <li>
            Consumables:
          </li>
          <li>
            Vehicle_class:
          </li>
        </ul>
      </div>
    </div>
    <div
      className="description-resources"
    >
      <div
        className="resources"
      >
        <div
          className="resources-heading"
        >
          Films:
        </div>
        <ul
          className="resources-list"
        >
          <PopupListItem
            name="title"
            path="films"
          />
        </ul>
      </div>
      <div
        className="resources"
      >
        <div
          className="resources-heading"
        >
          Pilots:
        </div>
        <ul
          className="resources-list"
        >
          <PopupListItem
            name="name"
            path="people"
          />
        </ul>
      </div>
    </div>
  </div>
</Fragment>
`;
